   Compiling proc-macro2 v1.0.107
   Compiling unicode-ident v1.0.24
   Compiling quote v1.0.47
   Compiling serde_core v1.0.229
   Compiling libc v0.2.189
   Compiling getrandom v0.4.3
   Compiling rustix v1.1.4
   Compiling zmij v1.0.23
   Compiling serde_json v1.0.151
   Compiling linux-raw-sys v0.12.1
   Compiling cfg-if v1.0.4
   Compiling serde v1.0.229
   Compiling bitflags v2.13.2
   Compiling itoa v1.0.18
   Compiling memchr v2.8.3
   Compiling fastrand v2.5.0
   Compiling once_cell v1.21.4
   Compiling flashtex-project-files v0.1.0 (/home/natkarri/flashtex-source-proof-prototype/crates/project-files)
   Compiling syn v3.0.5
   Compiling tempfile v3.27.0
   Compiling serde_derive v1.0.229
   Compiling flashtex-document-runtime v0.1.0 (/home/natkarri/flashtex-source-proof-prototype/crates/document-runtime)
    Finished `release` profile [optimized] target(s) in 23.15s
     Running unittests src/lib.rs (/home/natkarri/flashtex-source-proof-prototype/target/release/deps/flashtex_document_runtime-e929845e85772c93)

running 1 test
test source_proof_prototype::paired_preparation_cost ... ok

test result: ok. 1 passed; 0 failed; 0 ignored; 0 measured; 23 filtered out; finished in 0.76s

