   Compiling version_check v0.9.5
   Compiling typenum v1.20.1
   Compiling generic-array v0.14.7
   Compiling proc-macro2 v1.0.107
   Compiling quote v1.0.47
   Compiling unicode-ident v1.0.24
   Compiling block-buffer v0.10.4
   Compiling crypto-common v0.1.7
   Compiling serde_core v1.0.229
   Compiling digest v0.10.7
   Compiling cfg-if v1.0.4
   Compiling cpufeatures v0.2.17
   Compiling flashtex-document-style v0.1.0 (/home/natkarri/flashtex-rendering-core/target/text-producer-9aa/producer/vendor/document-style)
   Compiling zmij v1.0.23
   Compiling sha2 v0.10.9
   Compiling flashtex-paragraph-layout v0.1.0 (/home/natkarri/flashtex-rendering-core/target/text-producer-9aa/producer/vendor/paragraph-layout)
   Compiling syn v3.0.5
   Compiling flashtex-math-layout v0.1.0 (/home/natkarri/flashtex-rendering-core/target/text-producer-9aa/producer/vendor/math-layout)
   Compiling serde v1.0.229
   Compiling serde_json v1.0.151
   Compiling flashtex-pdf v0.1.0 (/home/natkarri/flashtex-rendering-core/target/text-producer-9aa/producer/vendor/pdf)
   Compiling flashtex-font-engine v0.1.0 (/home/natkarri/flashtex-rendering-core/target/text-producer-9aa/producer/vendor/font-engine)
   Compiling serde_derive v1.0.229
   Compiling flashtex-font-resources v0.1.0 (/home/natkarri/flashtex-rendering-core/target/text-producer-9aa/producer/vendor/font-resources)
   Compiling itoa v1.0.18
   Compiling memchr v2.8.3
   Compiling flashtex-project-files v0.1.0 (/home/natkarri/flashtex-rendering-core/target/text-producer-9aa/producer/vendor/project-files)
   Compiling flashtex-compiler v0.1.0 (/home/natkarri/flashtex-rendering-core/target/text-producer-9aa/producer/vendor/compiler)
   Compiling flashtex-render-pipeline v0.1.0 (/home/natkarri/flashtex-rendering-core/target/text-producer-9aa/producer)
    Finished `release` profile [optimized] target(s) in 2m 03s
