 9:57  up 1 day,  8:49, 2 users, load averages: 9.21 9.77 14.62
==> Pinned rooted TFM metrics verified under <worktree>/apps/mac/Fonts/texmf (29 entries)
==> Building FlashTeXMac (-c debug) in <worktree>/apps/mac
warning: 'mac': found 17 file(s) which are unhandled; explicitly declare them as resources or exclude from the target
    <worktree>/apps/mac/Tests/FlashTeXMacTests/Fixtures/fake_project_files.py
    <worktree>/apps/mac/Tests/FlashTeXMacTests/Fixtures/fake_worker.py
    <worktree>/apps/mac/Tests/FlashTeXMacTests/Fixtures/fake_worker_v2.py
    <worktree>/apps/mac/Tests/FlashTeXMacTests/Fixtures/fake_preview_controller.py
    <worktree>/apps/mac/Tests/FlashTeXMacTests/Fixtures/display-list-v2-math.json
    <worktree>/apps/mac/Tests/FlashTeXMacTests/Fixtures/fake_assistant_provider.py
    <worktree>/apps/mac/Tests/FlashTeXMacTests/Fixtures/fake_pdf_writer.py
    <worktree>/apps/mac/Tests/FlashTeXMacTests/Fixtures/display-list-v2-math-rules.tex
    <worktree>/apps/mac/Tests/FlashTeXMacTests/Fixtures/display-list-v2-math-rules.json
    <worktree>/apps/mac/Tests/FlashTeXMacTests/Fixtures/fake_assistant_context.py
    <worktree>/apps/mac/Tests/FlashTeXMacTests/Fixtures/display-list-v2-text.json
    <worktree>/apps/mac/Tests/FlashTeXMacTests/Fixtures/display-list-v2-missing-font.json
    <worktree>/apps/mac/Tests/FlashTeXMacTests/Fixtures/fake_edit_ledger.py
    <worktree>/apps/mac/Tests/FlashTeXMacTests/Fixtures/nearby-companion-session.jsonl
    <worktree>/apps/mac/Tests/FlashTeXMacTests/Fixtures/build_assistant_context.sh
    <worktree>/apps/mac/Tests/FlashTeXMacTests/Fixtures/display-list-v2-text.tex
    <worktree>/apps/mac/Tests/FlashTeXMacTests/Fixtures/fake_bridge.py
[0/1] Planning build
Building for debugging...
[0/3] Write swift-version--58304C5D6DBC2206.txt
Build complete! (0.26s)
==> Assembling bundle at <worktree>/apps/mac/build/FlashTeX.app
==> Copying fixtures and samples into Contents/Resources/Samples
    bundled 10 Latin Modern faces
==> Staging pinned rooted TFM metrics into Contents/Resources/texmf (source: <worktree>/apps/mac/Fonts/texmf)
    verified 29 rooted metric/license files + 3 pinned faces; report at Contents/Resources/resource-coverage.json
==> Locating built Rust binaries (helper root: /Users/jay3332/Projects/flashtex)
    bundled flashtex-compiler from /Users/jay3332/Projects/flashtex/crates/compiler/target/release/flashtex-compiler
    bundled flashtex-pdf from /Users/jay3332/Projects/flashtex/crates/pdf/target/release/flashtex-pdf
    bundled flashtex-bridge from /Users/jay3332/Projects/flashtex/crates/bridge/target/release/flashtex-bridge
    bundled flashtex-edit-ledger from /Users/jay3332/Projects/flashtex/crates/edit-ledger/target/release/flashtex-edit-ledger
    bundled flashtex-render from /tmp/ft-tfm/render-9aaec57a/crates/render-pipeline/target/release/flashtex-render
    no flashtex-pdf-exact found (build crates/pdf or pass --pdf-exact <path>); skipping
    bundled flashtex-preview-controller from /Users/jay3332/Projects/flashtex/crates/preview-controller/target/release/flashtex-preview-controller
    bundled flashtex-project-files from /Users/jay3332/Projects/flashtex/crates/project-files/target/release/flashtex-project-files
    bundled flashtex-assistant-context from /Users/jay3332/Projects/flashtex/crates/assistant-context/target/release/flashtex-assistant-context
    no flashtex-explain found (build crates/diagnostic-explanations or pass --explain <path>); skipping
==> Signing bundled helpers (adhoc, hardened runtime: no)
    signed flashtex-compiler (tech.jay3332.flashtex.mac.flashtex-compiler)
    signed flashtex-pdf (tech.jay3332.flashtex.mac.flashtex-pdf)
    signed flashtex-bridge (tech.jay3332.flashtex.mac.flashtex-bridge)
    signed flashtex-edit-ledger (tech.jay3332.flashtex.mac.flashtex-edit-ledger)
    signed flashtex-render (tech.jay3332.flashtex.mac.flashtex-render)
    signed flashtex-preview-controller (tech.jay3332.flashtex.mac.flashtex-preview-controller)
    signed flashtex-project-files (tech.jay3332.flashtex.mac.flashtex-project-files)
    signed flashtex-assistant-context (tech.jay3332.flashtex.mac.flashtex-assistant-context)
==> Writing Contents/Resources/components.json
    components.json written and valid JSON
==> Ad-hoc codesigning
<worktree>/apps/mac/build/FlashTeX.app: replacing existing signature
    codesign OK (ad-hoc)
    codesign --verify --deep --strict OK
==> Done: <worktree>/apps/mac/build/FlashTeX.app
    open "<worktree>/apps/mac/build/FlashTeX.app"
make-app exit 0
